Archive member included to satisfy reference by file (symbol)

c:/ac6/systemworkbench/plugins/fr.ac6.mcu.externaltools.arm-none.win32_1.16.0.201807130628/tools/compiler/bin/../lib/gcc/arm-none-eabi/7.2.1/../../../../arm-none-eabi/lib/thumb/v7e-m/fpv4-sp/hard\libc.a(lib_a-errno.o)
                              startup/sysmem.o (__errno)
c:/ac6/systemworkbench/plugins/fr.ac6.mcu.externaltools.arm-none.win32_1.16.0.201807130628/tools/compiler/bin/../lib/gcc/arm-none-eabi/7.2.1/../../../../arm-none-eabi/lib/thumb/v7e-m/fpv4-sp/hard\libc.a(lib_a-exit.o)
                              c:/ac6/systemworkbench/plugins/fr.ac6.mcu.externaltools.arm-none.win32_1.16.0.201807130628/tools/compiler/bin/../lib/gcc/arm-none-eabi/7.2.1/../../../../arm-none-eabi/lib/thumb/v7e-m/fpv4-sp/hard/crt0.o (exit)
c:/ac6/systemworkbench/plugins/fr.ac6.mcu.externaltools.arm-none.win32_1.16.0.201807130628/tools/compiler/bin/../lib/gcc/arm-none-eabi/7.2.1/../../../../arm-none-eabi/lib/thumb/v7e-m/fpv4-sp/hard\libc.a(lib_a-impure.o)
                              c:/ac6/systemworkbench/plugins/fr.ac6.mcu.externaltools.arm-none.win32_1.16.0.201807130628/tools/compiler/bin/../lib/gcc/arm-none-eabi/7.2.1/../../../../arm-none-eabi/lib/thumb/v7e-m/fpv4-sp/hard\libc.a(lib_a-exit.o) (_global_impure_ptr)
c:/ac6/systemworkbench/plugins/fr.ac6.mcu.externaltools.arm-none.win32_1.16.0.201807130628/tools/compiler/bin/../lib/gcc/arm-none-eabi/7.2.1/../../../../arm-none-eabi/lib/thumb/v7e-m/fpv4-sp/hard\libc.a(lib_a-init.o)
                              c:/ac6/systemworkbench/plugins/fr.ac6.mcu.externaltools.arm-none.win32_1.16.0.201807130628/tools/compiler/bin/../lib/gcc/arm-none-eabi/7.2.1/../../../../arm-none-eabi/lib/thumb/v7e-m/fpv4-sp/hard/crt0.o (__libc_init_array)
c:/ac6/systemworkbench/plugins/fr.ac6.mcu.externaltools.arm-none.win32_1.16.0.201807130628/tools/compiler/bin/../lib/gcc/arm-none-eabi/7.2.1/../../../../arm-none-eabi/lib/thumb/v7e-m/fpv4-sp/hard\libc.a(lib_a-memset.o)
                              c:/ac6/systemworkbench/plugins/fr.ac6.mcu.externaltools.arm-none.win32_1.16.0.201807130628/tools/compiler/bin/../lib/gcc/arm-none-eabi/7.2.1/../../../../arm-none-eabi/lib/thumb/v7e-m/fpv4-sp/hard/crt0.o (memset)
c:/ac6/systemworkbench/plugins/fr.ac6.mcu.externaltools.arm-none.win32_1.16.0.201807130628/tools/compiler/bin/../lib/gcc/arm-none-eabi/7.2.1/../../../../arm-none-eabi/lib/thumb/v7e-m/fpv4-sp/hard\libc.a(lib_a-__call_atexit.o)
                              c:/ac6/systemworkbench/plugins/fr.ac6.mcu.externaltools.arm-none.win32_1.16.0.201807130628/tools/compiler/bin/../lib/gcc/arm-none-eabi/7.2.1/../../../../arm-none-eabi/lib/thumb/v7e-m/fpv4-sp/hard\libc.a(lib_a-exit.o) (__call_exitprocs)
c:/ac6/systemworkbench/plugins/fr.ac6.mcu.externaltools.arm-none.win32_1.16.0.201807130628/tools/compiler/bin/../lib/gcc/arm-none-eabi/7.2.1/../../../../arm-none-eabi/lib/thumb/v7e-m/fpv4-sp/hard\libc.a(lib_a-atexit.o)
                              c:/ac6/systemworkbench/plugins/fr.ac6.mcu.externaltools.arm-none.win32_1.16.0.201807130628/tools/compiler/bin/../lib/gcc/arm-none-eabi/7.2.1/../../../../arm-none-eabi/lib/thumb/v7e-m/fpv4-sp/hard\libc.a(lib_a-__call_atexit.o) (atexit)
c:/ac6/systemworkbench/plugins/fr.ac6.mcu.externaltools.arm-none.win32_1.16.0.201807130628/tools/compiler/bin/../lib/gcc/arm-none-eabi/7.2.1/../../../../arm-none-eabi/lib/thumb/v7e-m/fpv4-sp/hard\libc.a(lib_a-fini.o)
                              c:/ac6/systemworkbench/plugins/fr.ac6.mcu.externaltools.arm-none.win32_1.16.0.201807130628/tools/compiler/bin/../lib/gcc/arm-none-eabi/7.2.1/../../../../arm-none-eabi/lib/thumb/v7e-m/fpv4-sp/hard\libc.a(lib_a-__call_atexit.o) (__libc_fini_array)
c:/ac6/systemworkbench/plugins/fr.ac6.mcu.externaltools.arm-none.win32_1.16.0.201807130628/tools/compiler/bin/../lib/gcc/arm-none-eabi/7.2.1/../../../../arm-none-eabi/lib/thumb/v7e-m/fpv4-sp/hard\libc.a(lib_a-lock.o)
                              c:/ac6/systemworkbench/plugins/fr.ac6.mcu.externaltools.arm-none.win32_1.16.0.201807130628/tools/compiler/bin/../lib/gcc/arm-none-eabi/7.2.1/../../../../arm-none-eabi/lib/thumb/v7e-m/fpv4-sp/hard\libc.a(lib_a-__call_atexit.o) (__retarget_lock_acquire_recursive)
c:/ac6/systemworkbench/plugins/fr.ac6.mcu.externaltools.arm-none.win32_1.16.0.201807130628/tools/compiler/bin/../lib/gcc/arm-none-eabi/7.2.1/../../../../arm-none-eabi/lib/thumb/v7e-m/fpv4-sp/hard\libc.a(lib_a-__atexit.o)
                              c:/ac6/systemworkbench/plugins/fr.ac6.mcu.externaltools.arm-none.win32_1.16.0.201807130628/tools/compiler/bin/../lib/gcc/arm-none-eabi/7.2.1/../../../../arm-none-eabi/lib/thumb/v7e-m/fpv4-sp/hard\libc.a(lib_a-atexit.o) (__register_exitproc)

Allocating common symbols
Common symbol       size              file

__lock___atexit_recursive_mutex
                    0x1               c:/ac6/systemworkbench/plugins/fr.ac6.mcu.externaltools.arm-none.win32_1.16.0.201807130628/tools/compiler/bin/../lib/gcc/arm-none-eabi/7.2.1/../../../../arm-none-eabi/lib/thumb/v7e-m/fpv4-sp/hard\libc.a(lib_a-lock.o)
__lock___arc4random_mutex
                    0x1               c:/ac6/systemworkbench/plugins/fr.ac6.mcu.externaltools.arm-none.win32_1.16.0.201807130628/tools/compiler/bin/../lib/gcc/arm-none-eabi/7.2.1/../../../../arm-none-eabi/lib/thumb/v7e-m/fpv4-sp/hard\libc.a(lib_a-lock.o)
__lock___env_recursive_mutex
                    0x1               c:/ac6/systemworkbench/plugins/fr.ac6.mcu.externaltools.arm-none.win32_1.16.0.201807130628/tools/compiler/bin/../lib/gcc/arm-none-eabi/7.2.1/../../../../arm-none-eabi/lib/thumb/v7e-m/fpv4-sp/hard\libc.a(lib_a-lock.o)
__lock___sinit_recursive_mutex
                    0x1               c:/ac6/systemworkbench/plugins/fr.ac6.mcu.externaltools.arm-none.win32_1.16.0.201807130628/tools/compiler/bin/../lib/gcc/arm-none-eabi/7.2.1/../../../../arm-none-eabi/lib/thumb/v7e-m/fpv4-sp/hard\libc.a(lib_a-lock.o)
__lock___malloc_recursive_mutex
                    0x1               c:/ac6/systemworkbench/plugins/fr.ac6.mcu.externaltools.arm-none.win32_1.16.0.201807130628/tools/compiler/bin/../lib/gcc/arm-none-eabi/7.2.1/../../../../arm-none-eabi/lib/thumb/v7e-m/fpv4-sp/hard\libc.a(lib_a-lock.o)
counter             0x4               src/main.o
__lock___at_quick_exit_mutex
                    0x1               c:/ac6/systemworkbench/plugins/fr.ac6.mcu.externaltools.arm-none.win32_1.16.0.201807130628/tools/compiler/bin/../lib/gcc/arm-none-eabi/7.2.1/../../../../arm-none-eabi/lib/thumb/v7e-m/fpv4-sp/hard\libc.a(lib_a-lock.o)
__lock___dd_hash_mutex
                    0x1               c:/ac6/systemworkbench/plugins/fr.ac6.mcu.externaltools.arm-none.win32_1.16.0.201807130628/tools/compiler/bin/../lib/gcc/arm-none-eabi/7.2.1/../../../../arm-none-eabi/lib/thumb/v7e-m/fpv4-sp/hard\libc.a(lib_a-lock.o)
__lock___tz_mutex   0x1               c:/ac6/systemworkbench/plugins/fr.ac6.mcu.externaltools.arm-none.win32_1.16.0.201807130628/tools/compiler/bin/../lib/gcc/arm-none-eabi/7.2.1/../../../../arm-none-eabi/lib/thumb/v7e-m/fpv4-sp/hard\libc.a(lib_a-lock.o)
__lock___sfp_recursive_mutex
                    0x1               c:/ac6/systemworkbench/plugins/fr.ac6.mcu.externaltools.arm-none.win32_1.16.0.201807130628/tools/compiler/bin/../lib/gcc/arm-none-eabi/7.2.1/../../../../arm-none-eabi/lib/thumb/v7e-m/fpv4-sp/hard\libc.a(lib_a-lock.o)
value               0x4               src/main.o

Discarded input sections

 .text          0x00000000        0x0 c:/ac6/systemworkbench/plugins/fr.ac6.mcu.externaltools.arm-none.win32_1.16.0.201807130628/tools/compiler/bin/../lib/gcc/arm-none-eabi/7.2.1/thumb/v7e-m/fpv4-sp/hard/crti.o
 .data          0x00000000        0x0 c:/ac6/systemworkbench/plugins/fr.ac6.mcu.externaltools.arm-none.win32_1.16.0.201807130628/tools/compiler/bin/../lib/gcc/arm-none-eabi/7.2.1/thumb/v7e-m/fpv4-sp/hard/crti.o
 .bss           0x00000000        0x0 c:/ac6/systemworkbench/plugins/fr.ac6.mcu.externaltools.arm-none.win32_1.16.0.201807130628/tools/compiler/bin/../lib/gcc/arm-none-eabi/7.2.1/thumb/v7e-m/fpv4-sp/hard/crti.o
 .data          0x00000000        0x4 c:/ac6/systemworkbench/plugins/fr.ac6.mcu.externaltools.arm-none.win32_1.16.0.201807130628/tools/compiler/bin/../lib/gcc/arm-none-eabi/7.2.1/thumb/v7e-m/fpv4-sp/hard/crtbegin.o
 .text          0x00000000       0x74 c:/ac6/systemworkbench/plugins/fr.ac6.mcu.externaltools.arm-none.win32_1.16.0.201807130628/tools/compiler/bin/../lib/gcc/arm-none-eabi/7.2.1/../../../../arm-none-eabi/lib/thumb/v7e-m/fpv4-sp/hard/crt0.o
 .data          0x00000000        0x0 c:/ac6/systemworkbench/plugins/fr.ac6.mcu.externaltools.arm-none.win32_1.16.0.201807130628/tools/compiler/bin/../lib/gcc/arm-none-eabi/7.2.1/../../../../arm-none-eabi/lib/thumb/v7e-m/fpv4-sp/hard/crt0.o
 .bss           0x00000000        0x0 c:/ac6/systemworkbench/plugins/fr.ac6.mcu.externaltools.arm-none.win32_1.16.0.201807130628/tools/compiler/bin/../lib/gcc/arm-none-eabi/7.2.1/../../../../arm-none-eabi/lib/thumb/v7e-m/fpv4-sp/hard/crt0.o
 .ARM.extab     0x00000000        0x0 c:/ac6/systemworkbench/plugins/fr.ac6.mcu.externaltools.arm-none.win32_1.16.0.201807130628/tools/compiler/bin/../lib/gcc/arm-none-eabi/7.2.1/../../../../arm-none-eabi/lib/thumb/v7e-m/fpv4-sp/hard/crt0.o
 .ARM.exidx     0x00000000        0x8 c:/ac6/systemworkbench/plugins/fr.ac6.mcu.externaltools.arm-none.win32_1.16.0.201807130628/tools/compiler/bin/../lib/gcc/arm-none-eabi/7.2.1/../../../../arm-none-eabi/lib/thumb/v7e-m/fpv4-sp/hard/crt0.o
 .ARM.attributes
                0x00000000       0x20 c:/ac6/systemworkbench/plugins/fr.ac6.mcu.externaltools.arm-none.win32_1.16.0.201807130628/tools/compiler/bin/../lib/gcc/arm-none-eabi/7.2.1/../../../../arm-none-eabi/lib/thumb/v7e-m/fpv4-sp/hard/crt0.o
 .group         0x00000000        0xc src/7_seg.o
 .group         0x00000000        0xc src/7_seg.o
 .group         0x00000000        0xc src/7_seg.o
 .group         0x00000000        0xc src/7_seg.o
 .group         0x00000000        0xc src/7_seg.o
 .group         0x00000000        0xc src/7_seg.o
 .group         0x00000000        0xc src/7_seg.o
 .group         0x00000000        0xc src/7_seg.o
 .group         0x00000000        0xc src/7_seg.o
 .group         0x00000000        0xc src/7_seg.o
 .group         0x00000000        0xc src/7_seg.o
 .group         0x00000000        0xc src/7_seg.o
 .text          0x00000000        0x0 src/7_seg.o
 .data          0x00000000        0x0 src/7_seg.o
 .bss           0x00000000        0x0 src/7_seg.o
 .text.max7219_send
                0x00000000       0xb4 src/7_seg.o
 .text.max7219_init
                0x00000000       0xb4 src/7_seg.o
 .text.power    0x00000000       0x32 src/7_seg.o
 .text.display  0x00000000       0xc8 src/7_seg.o
 .debug_info    0x00000000      0x4ff src/7_seg.o
 .debug_abbrev  0x00000000      0x156 src/7_seg.o
 .debug_aranges
                0x00000000       0x38 src/7_seg.o
 .debug_ranges  0x00000000       0x28 src/7_seg.o
 .debug_macro   0x00000000       0xbf src/7_seg.o
 .debug_macro   0x00000000      0xa66 src/7_seg.o
 .debug_macro   0x00000000       0x28 src/7_seg.o
 .debug_macro   0x00000000       0x22 src/7_seg.o
 .debug_macro   0x00000000       0x87 src/7_seg.o
 .debug_macro   0x00000000       0x51 src/7_seg.o
 .debug_macro   0x00000000       0xef src/7_seg.o
 .debug_macro   0x00000000       0x6a src/7_seg.o
 .debug_macro   0x00000000      0x1df src/7_seg.o
 .debug_macro   0x00000000       0x35 src/7_seg.o
 .debug_macro   0x00000000       0x50 src/7_seg.o
 .debug_macro   0x00000000      0xe66 src/7_seg.o
 .debug_macro   0x00000000     0xb700 src/7_seg.o
 .debug_line    0x00000000      0x3ea src/7_seg.o
 .debug_str     0x00000000    0x4d992 src/7_seg.o
 .comment       0x00000000       0x7f src/7_seg.o
 .debug_frame   0x00000000       0xa4 src/7_seg.o
 .ARM.attributes
                0x00000000       0x39 src/7_seg.o
 .group         0x00000000        0xc src/button.o
 .group         0x00000000        0xc src/button.o
 .group         0x00000000        0xc src/button.o
 .group         0x00000000        0xc src/button.o
 .group         0x00000000        0xc src/button.o
 .group         0x00000000        0xc src/button.o
 .group         0x00000000        0xc src/button.o
 .group         0x00000000        0xc src/button.o
 .group         0x00000000        0xc src/button.o
 .group         0x00000000        0xc src/button.o
 .group         0x00000000        0xc src/button.o
 .group         0x00000000        0xc src/button.o
 .text          0x00000000        0x0 src/button.o
 .data          0x00000000        0x0 src/button.o
 .bss           0x00000000        0x0 src/button.o
 .text.btn_init
                0x00000000       0x48 src/button.o
 .text.btn_pressed
                0x00000000       0x48 src/button.o
 .debug_info    0x00000000      0x433 src/button.o
 .debug_abbrev  0x00000000       0xf7 src/button.o
 .debug_aranges
                0x00000000       0x28 src/button.o
 .debug_ranges  0x00000000       0x18 src/button.o
 .debug_macro   0x00000000       0xbf src/button.o
 .debug_macro   0x00000000      0xa66 src/button.o
 .debug_macro   0x00000000       0x28 src/button.o
 .debug_macro   0x00000000       0x22 src/button.o
 .debug_macro   0x00000000       0x87 src/button.o
 .debug_macro   0x00000000       0x51 src/button.o
 .debug_macro   0x00000000       0xef src/button.o
 .debug_macro   0x00000000       0x6a src/button.o
 .debug_macro   0x00000000      0x1df src/button.o
 .debug_macro   0x00000000       0x35 src/button.o
 .debug_macro   0x00000000       0x50 src/button.o
 .debug_macro   0x00000000      0xe66 src/button.o
 .debug_macro   0x00000000     0xb700 src/button.o
 .debug_line    0x00000000      0x378 src/button.o
 .debug_str     0x00000000    0x4d96c src/button.o
 .comment       0x00000000       0x7f src/button.o
 .debug_frame   0x00000000       0x58 src/button.o
 .ARM.attributes
                0x00000000       0x39 src/button.o
 .group         0x00000000        0xc src/ds18b20.o
 .group         0x00000000        0xc src/ds18b20.o
 .group         0x00000000        0xc src/ds18b20.o
 .group         0x00000000        0xc src/ds18b20.o
 .group         0x00000000        0xc src/ds18b20.o
 .group         0x00000000        0xc src/ds18b20.o
 .group         0x00000000        0xc src/ds18b20.o
 .group         0x00000000        0xc src/ds18b20.o
 .group         0x00000000        0xc src/ds18b20.o
 .group         0x00000000        0xc src/ds18b20.o
 .group         0x00000000        0xc src/ds18b20.o
 .group         0x00000000        0xc src/ds18b20.o
 .group         0x00000000        0xc src/ds18b20.o
 .text          0x00000000        0x0 src/ds18b20.o
 .data          0x00000000        0x0 src/ds18b20.o
 .bss           0x00000000        0x0 src/ds18b20.o
 .text.DS18B20_ConvT
                0x00000000       0x1a src/ds18b20.o
 .text.DS18B20_Read
                0x00000000       0x18 src/ds18b20.o
 .text.DS18B20_SetResolution
                0x00000000       0x1a src/ds18b20.o
 .text.DS18B20_Done
                0x00000000       0x16 src/ds18b20.o
 .debug_info    0x00000000      0x333 src/ds18b20.o
 .debug_abbrev  0x00000000      0x138 src/ds18b20.o
 .debug_aranges
                0x00000000       0x38 src/ds18b20.o
 .debug_ranges  0x00000000       0x28 src/ds18b20.o
 .debug_macro   0x00000000       0xd2 src/ds18b20.o
 .debug_macro   0x00000000      0xa66 src/ds18b20.o
 .debug_macro   0x00000000       0x1c src/ds18b20.o
 .debug_macro   0x00000000       0x22 src/ds18b20.o
 .debug_macro   0x00000000       0x87 src/ds18b20.o
 .debug_macro   0x00000000       0x51 src/ds18b20.o
 .debug_macro   0x00000000       0xef src/ds18b20.o
 .debug_macro   0x00000000       0x6a src/ds18b20.o
 .debug_macro   0x00000000      0x1df src/ds18b20.o
 .debug_macro   0x00000000       0x28 src/ds18b20.o
 .debug_macro   0x00000000       0x3b src/ds18b20.o
 .debug_macro   0x00000000       0x50 src/ds18b20.o
 .debug_macro   0x00000000      0xe66 src/ds18b20.o
 .debug_macro   0x00000000     0xb700 src/ds18b20.o
 .debug_line    0x00000000      0x3a2 src/ds18b20.o
 .debug_str     0x00000000    0x4da35 src/ds18b20.o
 .comment       0x00000000       0x7f src/ds18b20.o
 .debug_frame   0x00000000       0xb0 src/ds18b20.o
 .ARM.attributes
                0x00000000       0x39 src/ds18b20.o
 .group         0x00000000        0xc src/gpio.o
 .group         0x00000000        0xc src/gpio.o
 .group         0x00000000        0xc src/gpio.o
 .group         0x00000000        0xc src/gpio.o
 .group         0x00000000        0xc src/gpio.o
 .group         0x00000000        0xc src/gpio.o
 .group         0x00000000        0xc src/gpio.o
 .group         0x00000000        0xc src/gpio.o
 .group         0x00000000        0xc src/gpio.o
 .group         0x00000000        0xc src/gpio.o
 .group         0x00000000        0xc src/gpio.o
 .group         0x00000000        0xc src/gpio.o
 .group         0x00000000        0xc src/gpio.o
 .text          0x00000000        0x0 src/gpio.o
 .data          0x00000000        0x0 src/gpio.o
 .bss           0x00000000        0x0 src/gpio.o
 .text.TM_GPIO_Init
                0x00000000       0x42 src/gpio.o
 .text.TM_GPIO_SetPullResistor
                0x00000000       0x3c src/gpio.o
 .text.TM_GPIO_SetPinAsInput
                0x00000000       0x2c src/gpio.o
 .text.TM_GPIO_SetPinAsOutput
                0x00000000       0x38 src/gpio.o
 .text.TM_GPIO_GetPortSource
                0x00000000       0x1c src/gpio.o
 .text.TM_GPIO_INT_EnableClock
                0x00000000       0x30 src/gpio.o
 .text.TM_GPIO_INT_Init
                0x00000000       0xb2 src/gpio.o
 .debug_info    0x00000000      0x67d src/gpio.o
 .debug_abbrev  0x00000000      0x15b src/gpio.o
 .debug_aranges
                0x00000000       0x50 src/gpio.o
 .debug_ranges  0x00000000       0x40 src/gpio.o
 .debug_macro   0x00000000       0xc2 src/gpio.o
 .debug_macro   0x00000000      0xa66 src/gpio.o
 .debug_macro   0x00000000       0x1c src/gpio.o
 .debug_macro   0x00000000       0x22 src/gpio.o
 .debug_macro   0x00000000       0x87 src/gpio.o
 .debug_macro   0x00000000       0x51 src/gpio.o
 .debug_macro   0x00000000       0xef src/gpio.o
 .debug_macro   0x00000000       0x6a src/gpio.o
 .debug_macro   0x00000000      0x1df src/gpio.o
 .debug_macro   0x00000000       0x28 src/gpio.o
 .debug_macro   0x00000000       0x3b src/gpio.o
 .debug_macro   0x00000000       0x50 src/gpio.o
 .debug_macro   0x00000000      0xe66 src/gpio.o
 .debug_macro   0x00000000     0xb700 src/gpio.o
 .debug_line    0x00000000      0x3cf src/gpio.o
 .debug_str     0x00000000    0x4dc52 src/gpio.o
 .comment       0x00000000       0x7f src/gpio.o
 .debug_frame   0x00000000      0x120 src/gpio.o
 .ARM.attributes
                0x00000000       0x39 src/gpio.o
 .group         0x00000000        0xc src/led.o
 .group         0x00000000        0xc src/led.o
 .group         0x00000000        0xc src/led.o
 .group         0x00000000        0xc src/led.o
 .group         0x00000000        0xc src/led.o
 .group         0x00000000        0xc src/led.o
 .group         0x00000000        0xc src/led.o
 .group         0x00000000        0xc src/led.o
 .group         0x00000000        0xc src/led.o
 .group         0x00000000        0xc src/led.o
 .group         0x00000000        0xc src/led.o
 .group         0x00000000        0xc src/led.o
 .text          0x00000000        0x0 src/led.o
 .data          0x00000000        0x0 src/led.o
 .bss           0x00000000        0x0 src/led.o
 .text.led_init
                0x00000000       0x60 src/led.o
 .text.led_on   0x00000000       0x16 src/led.o
 .text.led_off  0x00000000       0x16 src/led.o
 .text.led_toggle
                0x00000000       0x20 src/led.o
 .debug_info    0x00000000      0x43e src/led.o
 .debug_abbrev  0x00000000       0xe4 src/led.o
 .debug_aranges
                0x00000000       0x38 src/led.o
 .debug_ranges  0x00000000       0x28 src/led.o
 .debug_macro   0x00000000       0xbf src/led.o
 .debug_macro   0x00000000      0xa66 src/led.o
 .debug_macro   0x00000000       0x28 src/led.o
 .debug_macro   0x00000000       0x22 src/led.o
 .debug_macro   0x00000000       0x87 src/led.o
 .debug_macro   0x00000000       0x51 src/led.o
 .debug_macro   0x00000000       0xef src/led.o
 .debug_macro   0x00000000       0x6a src/led.o
 .debug_macro   0x00000000      0x1df src/led.o
 .debug_macro   0x00000000       0x35 src/led.o
 .debug_macro   0x00000000       0x50 src/led.o
 .debug_macro   0x00000000      0xe66 src/led.o
 .debug_macro   0x00000000     0xb700 src/led.o
 .debug_line    0x00000000      0x38a src/led.o
 .debug_str     0x00000000    0x4d977 src/led.o
 .comment       0x00000000       0x7f src/led.o
 .debug_frame   0x00000000       0x8c src/led.o
 .ARM.attributes
                0x00000000       0x39 src/led.o
 .group         0x00000000        0xc src/main.o
 .group         0x00000000        0xc src/main.o
 .group         0x00000000        0xc src/main.o
 .group         0x00000000        0xc src/main.o
 .group         0x00000000        0xc src/main.o
 .group         0x00000000        0xc src/main.o
 .group         0x00000000        0xc src/main.o
 .group         0x00000000        0xc src/main.o
 .group         0x00000000        0xc src/main.o
 .group         0x00000000        0xc src/main.o
 .group         0x00000000        0xc src/main.o
 .group         0x00000000        0xc src/main.o
 .text          0x00000000        0x0 src/main.o
 .bss           0x00000000        0x0 src/main.o
 .debug_macro   0x00000000      0xa66 src/main.o
 .debug_macro   0x00000000       0x28 src/main.o
 .debug_macro   0x00000000       0x22 src/main.o
 .debug_macro   0x00000000       0x87 src/main.o
 .debug_macro   0x00000000       0x51 src/main.o
 .debug_macro   0x00000000       0xef src/main.o
 .debug_macro   0x00000000       0x6a src/main.o
 .debug_macro   0x00000000      0x1df src/main.o
 .debug_macro   0x00000000       0x35 src/main.o
 .debug_macro   0x00000000       0x50 src/main.o
 .debug_macro   0x00000000      0xe66 src/main.o
 .debug_macro   0x00000000     0xb700 src/main.o
 .group         0x00000000        0xc src/onewire.o
 .group         0x00000000        0xc src/onewire.o
 .group         0x00000000        0xc src/onewire.o
 .group         0x00000000        0xc src/onewire.o
 .group         0x00000000        0xc src/onewire.o
 .group         0x00000000        0xc src/onewire.o
 .group         0x00000000        0xc src/onewire.o
 .group         0x00000000        0xc src/onewire.o
 .group         0x00000000        0xc src/onewire.o
 .group         0x00000000        0xc src/onewire.o
 .group         0x00000000        0xc src/onewire.o
 .group         0x00000000        0xc src/onewire.o
 .group         0x00000000        0xc src/onewire.o
 .text          0x00000000        0x0 src/onewire.o
 .data          0x00000000        0x0 src/onewire.o
 .bss           0x00000000        0x0 src/onewire.o
 .text.OneWire_Init
                0x00000000       0x18 src/onewire.o
 .text.OneWire_Reset
                0x00000000       0x16 src/onewire.o
 .text.OneWire_WriteBit
                0x00000000       0x18 src/onewire.o
 .text.OneWire_ReadBit
                0x00000000       0x16 src/onewire.o
 .text.OneWire_WriteByte
                0x00000000       0x18 src/onewire.o
 .text.OneWire_ReadByte
                0x00000000       0x16 src/onewire.o
 .text.OneWire_SkipROM
                0x00000000       0x14 src/onewire.o
 .debug_info    0x00000000      0x36b src/onewire.o
 .debug_abbrev  0x00000000      0x145 src/onewire.o
 .debug_aranges
                0x00000000       0x50 src/onewire.o
 .debug_ranges  0x00000000       0x40 src/onewire.o
 .debug_macro   0x00000000       0xc8 src/onewire.o
 .debug_macro   0x00000000      0xa66 src/onewire.o
 .debug_macro   0x00000000       0x1c src/onewire.o
 .debug_macro   0x00000000       0x22 src/onewire.o
 .debug_macro   0x00000000       0x87 src/onewire.o
 .debug_macro   0x00000000       0x51 src/onewire.o
 .debug_macro   0x00000000       0xef src/onewire.o
 .debug_macro   0x00000000       0x6a src/onewire.o
 .debug_macro   0x00000000      0x1df src/onewire.o
 .debug_macro   0x00000000       0x28 src/onewire.o
 .debug_macro   0x00000000       0x3b src/onewire.o
 .debug_macro   0x00000000       0x50 src/onewire.o
 .debug_macro   0x00000000      0xe66 src/onewire.o
 .debug_macro   0x00000000     0xb700 src/onewire.o
 .debug_line    0x00000000      0x3c0 src/onewire.o
 .debug_str     0x00000000    0x4d9be src/onewire.o
 .comment       0x00000000       0x7f src/onewire.o
 .debug_frame   0x00000000      0x128 src/onewire.o
 .ARM.attributes
                0x00000000       0x39 src/onewire.o
 .text          0x00000000       0x14 startup/startup_stm32.o
 .data          0x00000000        0x0 startup/startup_stm32.o
 .bss           0x00000000        0x0 startup/startup_stm32.o
 .group         0x00000000        0xc startup/sysmem.o
 .group         0x00000000        0xc startup/sysmem.o
 .group         0x00000000        0xc startup/sysmem.o
 .group         0x00000000        0xc startup/sysmem.o
 .group         0x00000000        0xc startup/sysmem.o
 .group         0x00000000        0xc startup/sysmem.o
 .group         0x00000000        0xc startup/sysmem.o
 .group         0x00000000        0xc startup/sysmem.o
 .group         0x00000000        0xc startup/sysmem.o
 .group         0x00000000        0xc startup/sysmem.o
 .group         0x00000000        0xc startup/sysmem.o
 .group         0x00000000        0xc startup/sysmem.o
 .group         0x00000000        0xc startup/sysmem.o
 .group         0x00000000        0xc startup/sysmem.o
 .group         0x00000000        0xc startup/sysmem.o
 .group         0x00000000        0xc startup/sysmem.o
 .group         0x00000000        0xc startup/sysmem.o
 .group         0x00000000        0xc startup/sysmem.o
 .group         0x00000000        0xc startup/sysmem.o
 .group         0x00000000        0xc startup/sysmem.o
 .group         0x00000000        0xc startup/sysmem.o
 .group         0x00000000        0xc startup/sysmem.o
 .group         0x00000000        0xc startup/sysmem.o
 .group         0x00000000        0xc startup/sysmem.o
 .group         0x00000000        0xc startup/sysmem.o
 .group         0x00000000        0xc startup/sysmem.o
 .group         0x00000000        0xc startup/sysmem.o
 .group         0x00000000        0xc startup/sysmem.o
 .group         0x00000000        0xc startup/sysmem.o
 .group         0x00000000        0xc startup/sysmem.o
 .group         0x00000000        0xc startup/sysmem.o
 .group         0x00000000        0xc startup/sysmem.o
 .text          0x00000000        0x0 startup/sysmem.o
 .data          0x00000000        0x0 startup/sysmem.o
 .bss           0x00000000        0x4 startup/sysmem.o
 .text._sbrk    0x00000000       0x58 startup/sysmem.o
 .debug_info    0x00000000      0x92c startup/sysmem.o
 .debug_abbrev  0x00000000      0x1f1 startup/sysmem.o
 .debug_aranges
                0x00000000       0x20 startup/sysmem.o
 .debug_ranges  0x00000000       0x10 startup/sysmem.o
 .debug_macro   0x00000000      0x1ae startup/sysmem.o
 .debug_macro   0x00000000      0xa66 startup/sysmem.o
 .debug_macro   0x00000000       0x10 startup/sysmem.o
 .debug_macro   0x00000000       0x22 startup/sysmem.o
 .debug_macro   0x00000000       0x52 startup/sysmem.o
 .debug_macro   0x00000000       0x17 startup/sysmem.o
 .debug_macro   0x00000000       0x8d startup/sysmem.o
 .debug_macro   0x00000000       0x35 startup/sysmem.o
 .debug_macro   0x00000000       0x9c startup/sysmem.o
 .debug_macro   0x00000000      0x174 startup/sysmem.o
 .debug_macro   0x00000000       0x57 startup/sysmem.o
 .debug_macro   0x00000000       0x58 startup/sysmem.o
 .debug_macro   0x00000000       0x1f startup/sysmem.o
 .debug_macro   0x00000000       0x43 startup/sysmem.o
 .debug_macro   0x00000000       0x20 startup/sysmem.o
 .debug_macro   0x00000000      0x18e startup/sysmem.o
 .debug_macro   0x00000000      0x23b startup/sysmem.o
 .debug_macro   0x00000000       0x16 startup/sysmem.o
 .debug_macro   0x00000000       0x35 startup/sysmem.o
 .debug_macro   0x00000000      0x330 startup/sysmem.o
 .debug_macro   0x00000000       0x10 startup/sysmem.o
 .debug_macro   0x00000000       0x10 startup/sysmem.o
 .debug_macro   0x00000000       0x6a startup/sysmem.o
 .debug_macro   0x00000000       0x1c startup/sysmem.o
 .debug_macro   0x00000000       0x52 startup/sysmem.o
 .debug_macro   0x00000000       0x40 startup/sysmem.o
 .debug_macro   0x00000000       0x10 startup/sysmem.o
 .debug_macro   0x00000000       0x40 startup/sysmem.o
 .debug_macro   0x00000000       0xd7 startup/sysmem.o
 .debug_macro   0x00000000       0x1c startup/sysmem.o
 .debug_macro   0x00000000       0x3d startup/sysmem.o
 .debug_macro   0x00000000       0x16 startup/sysmem.o
 .debug_macro   0x00000000      0x16f startup/sysmem.o
 .debug_line    0x00000000      0x3e6 startup/sysmem.o
 .debug_str     0x00000000     0x78d7 startup/sysmem.o
 .comment       0x00000000       0x7f startup/sysmem.o
 .debug_frame   0x00000000       0x34 startup/sysmem.o
 .ARM.attributes
                0x00000000       0x39 startup/sysmem.o
 .text          0x00000000        0x0 c:/ac6/systemworkbench/plugins/fr.ac6.mcu.externaltools.arm-none.win32_1.16.0.201807130628/tools/compiler/bin/../lib/gcc/arm-none-eabi/7.2.1/../../../../arm-none-eabi/lib/thumb/v7e-m/fpv4-sp/hard\libc.a(lib_a-errno.o)
 .data          0x00000000        0x0 c:/ac6/systemworkbench/plugins/fr.ac6.mcu.externaltools.arm-none.win32_1.16.0.201807130628/tools/compiler/bin/../lib/gcc/arm-none-eabi/7.2.1/../../../../arm-none-eabi/lib/thumb/v7e-m/fpv4-sp/hard\libc.a(lib_a-errno.o)
 .bss           0x00000000        0x0 c:/ac6/systemworkbench/plugins/fr.ac6.mcu.externaltools.arm-none.win32_1.16.0.201807130628/tools/compiler/bin/../lib/gcc/arm-none-eabi/7.2.1/../../../../arm-none-eabi/lib/thumb/v7e-m/fpv4-sp/hard\libc.a(lib_a-errno.o)
 .text.__errno  0x00000000        0xc c:/ac6/systemworkbench/plugins/fr.ac6.mcu.externaltools.arm-none.win32_1.16.0.201807130628/tools/compiler/bin/../lib/gcc/arm-none-eabi/7.2.1/../../../../arm-none-eabi/lib/thumb/v7e-m/fpv4-sp/hard\libc.a(lib_a-errno.o)
 .debug_frame   0x00000000       0x20 c:/ac6/systemworkbench/plugins/fr.ac6.mcu.externaltools.arm-none.win32_1.16.0.201807130628/tools/compiler/bin/../lib/gcc/arm-none-eabi/7.2.1/../../../../arm-none-eabi/lib/thumb/v7e-m/fpv4-sp/hard\libc.a(lib_a-errno.o)
 .ARM.attributes
                0x00000000       0x34 c:/ac6/systemworkbench/plugins/fr.ac6.mcu.externaltools.arm-none.win32_1.16.0.201807130628/tools/compiler/bin/../lib/gcc/arm-none-eabi/7.2.1/../../../../arm-none-eabi/lib/thumb/v7e-m/fpv4-sp/hard\libc.a(lib_a-errno.o)
 .text          0x00000000        0x0 c:/ac6/systemworkbench/plugins/fr.ac6.mcu.externaltools.arm-none.win32_1.16.0.201807130628/tools/compiler/bin/../lib/gcc/arm-none-eabi/7.2.1/../../../../arm-none-eabi/lib/thumb/v7e-m/fpv4-sp/hard\libc.a(lib_a-exit.o)
 .data          0x00000000        0x0 c:/ac6/systemworkbench/plugins/fr.ac6.mcu.externaltools.arm-none.win32_1.16.0.201807130628/tools/compiler/bin/../lib/gcc/arm-none-eabi/7.2.1/../../../../arm-none-eabi/lib/thumb/v7e-m/fpv4-sp/hard\libc.a(lib_a-exit.o)
 .bss           0x00000000        0x0 c:/ac6/systemworkbench/plugins/fr.ac6.mcu.externaltools.arm-none.win32_1.16.0.201807130628/tools/compiler/bin/../lib/gcc/arm-none-eabi/7.2.1/../../../../arm-none-eabi/lib/thumb/v7e-m/fpv4-sp/hard\libc.a(lib_a-exit.o)
 .text.exit     0x00000000       0x20 c:/ac6/systemworkbench/plugins/fr.ac6.mcu.externaltools.arm-none.win32_1.16.0.201807130628/tools/compiler/bin/../lib/gcc/arm-none-eabi/7.2.1/../../../../arm-none-eabi/lib/thumb/v7e-m/fpv4-sp/hard\libc.a(lib_a-exit.o)
 .debug_frame   0x00000000       0x28 c:/ac6/systemworkbench/plugins/fr.ac6.mcu.externaltools.arm-none.win32_1.16.0.201807130628/tools/compiler/bin/../lib/gcc/arm-none-eabi/7.2.1/../../../../arm-none-eabi/lib/thumb/v7e-m/fpv4-sp/hard\libc.a(lib_a-exit.o)
 .ARM.attributes
                0x00000000       0x34 c:/ac6/systemworkbench/plugins/fr.ac6.mcu.externaltools.arm-none.win32_1.16.0.201807130628/tools/compiler/bin/../lib/gcc/arm-none-eabi/7.2.1/../../../../arm-none-eabi/lib/thumb/v7e-m/fpv4-sp/hard\libc.a(lib_a-exit.o)
 .text          0x00000000        0x0 c:/ac6/systemworkbench/plugins/fr.ac6.mcu.externaltools.arm-none.win32_1.16.0.201807130628/tools/compiler/bin/../lib/gcc/arm-none-eabi/7.2.1/../../../../arm-none-eabi/lib/thumb/v7e-m/fpv4-sp/hard\libc.a(lib_a-impure.o)
 .data          0x00000000        0x0 c:/ac6/systemworkbench/plugins/fr.ac6.mcu.externaltools.arm-none.win32_1.16.0.201807130628/tools/compiler/bin/../lib/gcc/arm-none-eabi/7.2.1/../../../../arm-none-eabi/lib/thumb/v7e-m/fpv4-sp/hard\libc.a(lib_a-impure.o)
 .bss           0x00000000        0x0 c:/ac6/systemworkbench/plugins/fr.ac6.mcu.externaltools.arm-none.win32_1.16.0.201807130628/tools/compiler/bin/../lib/gcc/arm-none-eabi/7.2.1/../../../../arm-none-eabi/lib/thumb/v7e-m/fpv4-sp/hard\libc.a(lib_a-impure.o)
 .data._impure_ptr
                0x00000000        0x4 c:/ac6/systemworkbench/plugins/fr.ac6.mcu.externaltools.arm-none.win32_1.16.0.201807130628/tools/compiler/bin/../lib/gcc/arm-none-eabi/7.2.1/../../../../arm-none-eabi/lib/thumb/v7e-m/fpv4-sp/hard\libc.a(lib_a-impure.o)
 .text          0x00000000        0x0 c:/ac6/systemworkbench/plugins/fr.ac6.mcu.externaltools.arm-none.win32_1.16.0.201807130628/tools/compiler/bin/../lib/gcc/arm-none-eabi/7.2.1/../../../../arm-none-eabi/lib/thumb/v7e-m/fpv4-sp/hard\libc.a(lib_a-init.o)
 .data          0x00000000        0x0 c:/ac6/systemworkbench/plugins/fr.ac6.mcu.externaltools.arm-none.win32_1.16.0.201807130628/tools/compiler/bin/../lib/gcc/arm-none-eabi/7.2.1/../../../../arm-none-eabi/lib/thumb/v7e-m/fpv4-sp/hard\libc.a(lib_a-init.o)
 .bss           0x00000000        0x0 c:/ac6/systemworkbench/plugins/fr.ac6.mcu.externaltools.arm-none.win32_1.16.0.201807130628/tools/compiler/bin/../lib/gcc/arm-none-eabi/7.2.1/../../../../arm-none-eabi/lib/thumb/v7e-m/fpv4-sp/hard\libc.a(lib_a-init.o)
 .text          0x00000000        0x0 c:/ac6/systemworkbench/plugins/fr.ac6.mcu.externaltools.arm-none.win32_1.16.0.201807130628/tools/compiler/bin/../lib/gcc/arm-none-eabi/7.2.1/../../../../arm-none-eabi/lib/thumb/v7e-m/fpv4-sp/hard\libc.a(lib_a-memset.o)
 .data          0x00000000        0x0 c:/ac6/systemworkbench/plugins/fr.ac6.mcu.externaltools.arm-none.win32_1.16.0.201807130628/tools/compiler/bin/../lib/gcc/arm-none-eabi/7.2.1/../../../../arm-none-eabi/lib/thumb/v7e-m/fpv4-sp/hard\libc.a(lib_a-memset.o)
 .bss           0x00000000        0x0 c:/ac6/systemworkbench/plugins/fr.ac6.mcu.externaltools.arm-none.win32_1.16.0.201807130628/tools/compiler/bin/../lib/gcc/arm-none-eabi/7.2.1/../../../../arm-none-eabi/lib/thumb/v7e-m/fpv4-sp/hard\libc.a(lib_a-memset.o)
 .text.memset   0x00000000       0x94 c:/ac6/systemworkbench/plugins/fr.ac6.mcu.externaltools.arm-none.win32_1.16.0.201807130628/tools/compiler/bin/../lib/gcc/arm-none-eabi/7.2.1/../../../../arm-none-eabi/lib/thumb/v7e-m/fpv4-sp/hard\libc.a(lib_a-memset.o)
 .debug_frame   0x00000000       0x38 c:/ac6/systemworkbench/plugins/fr.ac6.mcu.externaltools.arm-none.win32_1.16.0.201807130628/tools/compiler/bin/../lib/gcc/arm-none-eabi/7.2.1/../../../../arm-none-eabi/lib/thumb/v7e-m/fpv4-sp/hard\libc.a(lib_a-memset.o)
 .ARM.attributes
                0x00000000       0x34 c:/ac6/systemworkbench/plugins/fr.ac6.mcu.externaltools.arm-none.win32_1.16.0.201807130628/tools/compiler/bin/../lib/gcc/arm-none-eabi/7.2.1/../../../../arm-none-eabi/lib/thumb/v7e-m/fpv4-sp/hard\libc.a(lib_a-memset.o)
 .text          0x00000000        0x0 c:/ac6/systemworkbench/plugins/fr.ac6.mcu.externaltools.arm-none.win32_1.16.0.201807130628/tools/compiler/bin/../lib/gcc/arm-none-eabi/7.2.1/../../../../arm-none-eabi/lib/thumb/v7e-m/fpv4-sp/hard\libc.a(lib_a-__call_atexit.o)
 .data          0x00000000        0x0 c:/ac6/systemworkbench/plugins/fr.ac6.mcu.externaltools.arm-none.win32_1.16.0.201807130628/tools/compiler/bin/../lib/gcc/arm-none-eabi/7.2.1/../../../../arm-none-eabi/lib/thumb/v7e-m/fpv4-sp/hard\libc.a(lib_a-__call_atexit.o)
 .bss           0x00000000        0x0 c:/ac6/systemworkbench/plugins/fr.ac6.mcu.externaltools.arm-none.win32_1.16.0.201807130628/tools/compiler/bin/../lib/gcc/arm-none-eabi/7.2.1/../../../../arm-none-eabi/lib/thumb/v7e-m/fpv4-sp/hard\libc.a(lib_a-__call_atexit.o)
 .text.__call_exitprocs
                0x00000000       0xe8 c:/ac6/systemworkbench/plugins/fr.ac6.mcu.externaltools.arm-none.win32_1.16.0.201807130628/tools/compiler/bin/../lib/gcc/arm-none-eabi/7.2.1/../../../../arm-none-eabi/lib/thumb/v7e-m/fpv4-sp/hard\libc.a(lib_a-__call_atexit.o)
 .text          0x00000000        0x0 c:/ac6/systemworkbench/plugins/fr.ac6.mcu.externaltools.arm-none.win32_1.16.0.201807130628/tools/compiler/bin/../lib/gcc/arm-none-eabi/7.2.1/../../../../arm-none-eabi/lib/thumb/v7e-m/fpv4-sp/hard\libc.a(lib_a-atexit.o)
 .data          0x00000000        0x0 c:/ac6/systemworkbench/plugins/fr.ac6.mcu.externaltools.arm-none.win32_1.16.0.201807130628/tools/compiler/bin/../lib/gcc/arm-none-eabi/7.2.1/../../../../arm-none-eabi/lib/thumb/v7e-m/fpv4-sp/hard\libc.a(lib_a-atexit.o)
 .bss           0x00000000        0x0 c:/ac6/systemworkbench/plugins/fr.ac6.mcu.externaltools.arm-none.win32_1.16.0.201807130628/tools/compiler/bin/../lib/gcc/arm-none-eabi/7.2.1/../../../../arm-none-eabi/lib/thumb/v7e-m/fpv4-sp/hard\libc.a(lib_a-atexit.o)
 .text          0x00000000        0x0 c:/ac6/systemworkbench/plugins/fr.ac6.mcu.externaltools.arm-none.win32_1.16.0.201807130628/tools/compiler/bin/../lib/gcc/arm-none-eabi/7.2.1/../../../../arm-none-eabi/lib/thumb/v7e-m/fpv4-sp/hard\libc.a(lib_a-fini.o)
 .data          0x00000000        0x0 c:/ac6/systemworkbench/plugins/fr.ac6.mcu.externaltools.arm-none.win32_1.16.0.201807130628/tools/compiler/bin/../lib/gcc/arm-none-eabi/7.2.1/../../../../arm-none-eabi/lib/thumb/v7e-m/fpv4-sp/hard\libc.a(lib_a-fini.o)
 .bss           0x00000000        0x0 c:/ac6/systemworkbench/plugins/fr.ac6.mcu.externaltools.arm-none.win32_1.16.0.201807130628/tools/compiler/bin/../lib/gcc/arm-none-eabi/7.2.1/../../../../arm-none-eabi/lib/thumb/v7e-m/fpv4-sp/hard\libc.a(lib_a-fini.o)
 .text          0x00000000        0x0 c:/ac6/systemworkbench/plugins/fr.ac6.mcu.externaltools.arm-none.win32_1.16.0.201807130628/tools/compiler/bin/../lib/gcc/arm-none-eabi/7.2.1/../../../../arm-none-eabi/lib/thumb/v7e-m/fpv4-sp/hard\libc.a(lib_a-lock.o)
 .data          0x00000000        0x0 c:/ac6/systemworkbench/plugins/fr.ac6.mcu.externaltools.arm-none.win32_1.16.0.201807130628/tools/compiler/bin/../lib/gcc/arm-none-eabi/7.2.1/../../../../arm-none-eabi/lib/thumb/v7e-m/fpv4-sp/hard\libc.a(lib_a-lock.o)
 .bss           0x00000000        0x0 c:/ac6/systemworkbench/plugins/fr.ac6.mcu.externaltools.arm-none.win32_1.16.0.201807130628/tools/compiler/bin/../lib/gcc/arm-none-eabi/7.2.1/../../../../arm-none-eabi/lib/thumb/v7e-m/fpv4-sp/hard\libc.a(lib_a-lock.o)
 .text.__retarget_lock_init
                0x00000000        0x4 c:/ac6/systemworkbench/plugins/fr.ac6.mcu.externaltools.arm-none.win32_1.16.0.201807130628/tools/compiler/bin/../lib/gcc/arm-none-eabi/7.2.1/../../../../arm-none-eabi/lib/thumb/v7e-m/fpv4-sp/hard\libc.a(lib_a-lock.o)
 .text.__retarget_lock_init_recursive
                0x00000000        0x4 c:/ac6/systemworkbench/plugins/fr.ac6.mcu.externaltools.arm-none.win32_1.16.0.201807130628/tools/compiler/bin/../lib/gcc/arm-none-eabi/7.2.1/../../../../arm-none-eabi/lib/thumb/v7e-m/fpv4-sp/hard\libc.a(lib_a-lock.o)
 .text.__retarget_lock_close
                0x00000000        0x4 c:/ac6/systemworkbench/plugins/fr.ac6.mcu.externaltools.arm-none.win32_1.16.0.201807130628/tools/compiler/bin/../lib/gcc/arm-none-eabi/7.2.1/../../../../arm-none-eabi/lib/thumb/v7e-m/fpv4-sp/hard\libc.a(lib_a-lock.o)
 .text.__retarget_lock_close_recursive
                0x00000000        0x4 c:/ac6/systemworkbench/plugins/fr.ac6.mcu.externaltools.arm-none.win32_1.16.0.201807130628/tools/compiler/bin/../lib/gcc/arm-none-eabi/7.2.1/../../../../arm-none-eabi/lib/thumb/v7e-m/fpv4-sp/hard\libc.a(lib_a-lock.o)
 .text.__retarget_lock_acquire
                0x00000000        0x4 c:/ac6/systemworkbench/plugins/fr.ac6.mcu.externaltools.arm-none.win32_1.16.0.201807130628/tools/compiler/bin/../lib/gcc/arm-none-eabi/7.2.1/../../../../arm-none-eabi/lib/thumb/v7e-m/fpv4-sp/hard\libc.a(lib_a-lock.o)
 .text.__retarget_lock_try_acquire
                0x00000000        0x4 c:/ac6/systemworkbench/plugins/fr.ac6.mcu.externaltools.arm-none.win32_1.16.0.201807130628/tools/compiler/bin/../lib/gcc/arm-none-eabi/7.2.1/../../../../arm-none-eabi/lib/thumb/v7e-m/fpv4-sp/hard\libc.a(lib_a-lock.o)
 .text.__retarget_lock_try_acquire_recursive
                0x00000000        0x4 c:/ac6/systemworkbench/plugins/fr.ac6.mcu.externaltools.arm-none.win32_1.16.0.201807130628/tools/compiler/bin/../lib/gcc/arm-none-eabi/7.2.1/../../../../arm-none-eabi/lib/thumb/v7e-m/fpv4-sp/hard\libc.a(lib_a-lock.o)
 .text.__retarget_lock_release
                0x00000000        0x4 c:/ac6/systemworkbench/plugins/fr.ac6.mcu.externaltools.arm-none.win32_1.16.0.201807130628/tools/compiler/bin/../lib/gcc/arm-none-eabi/7.2.1/../../../../arm-none-eabi/lib/thumb/v7e-m/fpv4-sp/hard\libc.a(lib_a-lock.o)
 .text          0x00000000        0x0 c:/ac6/systemworkbench/plugins/fr.ac6.mcu.externaltools.arm-none.win32_1.16.0.201807130628/tools/compiler/bin/../lib/gcc/arm-none-eabi/7.2.1/../../../../arm-none-eabi/lib/thumb/v7e-m/fpv4-sp/hard\libc.a(lib_a-__atexit.o)
 .data          0x00000000        0x0 c:/ac6/systemworkbench/plugins/fr.ac6.mcu.externaltools.arm-none.win32_1.16.0.201807130628/tools/compiler/bin/../lib/gcc/arm-none-eabi/7.2.1/../../../../arm-none-eabi/lib/thumb/v7e-m/fpv4-sp/hard\libc.a(lib_a-__atexit.o)
 .bss           0x00000000        0x0 c:/ac6/systemworkbench/plugins/fr.ac6.mcu.externaltools.arm-none.win32_1.16.0.201807130628/tools/compiler/bin/../lib/gcc/arm-none-eabi/7.2.1/../../../../arm-none-eabi/lib/thumb/v7e-m/fpv4-sp/hard\libc.a(lib_a-__atexit.o)
 .text          0x00000000        0x0 c:/ac6/systemworkbench/plugins/fr.ac6.mcu.externaltools.arm-none.win32_1.16.0.201807130628/tools/compiler/bin/../lib/gcc/arm-none-eabi/7.2.1/thumb/v7e-m/fpv4-sp/hard/crtend.o
 .data          0x00000000        0x0 c:/ac6/systemworkbench/plugins/fr.ac6.mcu.externaltools.arm-none.win32_1.16.0.201807130628/tools/compiler/bin/../lib/gcc/arm-none-eabi/7.2.1/thumb/v7e-m/fpv4-sp/hard/crtend.o
 .bss           0x00000000        0x0 c:/ac6/systemworkbench/plugins/fr.ac6.mcu.externaltools.arm-none.win32_1.16.0.201807130628/tools/compiler/bin/../lib/gcc/arm-none-eabi/7.2.1/thumb/v7e-m/fpv4-sp/hard/crtend.o
 .eh_frame      0x00000000        0x4 c:/ac6/systemworkbench/plugins/fr.ac6.mcu.externaltools.arm-none.win32_1.16.0.201807130628/tools/compiler/bin/../lib/gcc/arm-none-eabi/7.2.1/thumb/v7e-m/fpv4-sp/hard/crtend.o
 .ARM.attributes
                0x00000000       0x34 c:/ac6/systemworkbench/plugins/fr.ac6.mcu.externaltools.arm-none.win32_1.16.0.201807130628/tools/compiler/bin/../lib/gcc/arm-none-eabi/7.2.1/thumb/v7e-m/fpv4-sp/hard/crtend.o
 .text          0x00000000        0x0 c:/ac6/systemworkbench/plugins/fr.ac6.mcu.externaltools.arm-none.win32_1.16.0.201807130628/tools/compiler/bin/../lib/gcc/arm-none-eabi/7.2.1/thumb/v7e-m/fpv4-sp/hard/crtn.o
 .data          0x00000000        0x0 c:/ac6/systemworkbench/plugins/fr.ac6.mcu.externaltools.arm-none.win32_1.16.0.201807130628/tools/compiler/bin/../lib/gcc/arm-none-eabi/7.2.1/thumb/v7e-m/fpv4-sp/hard/crtn.o
 .bss           0x00000000        0x0 c:/ac6/systemworkbench/plugins/fr.ac6.mcu.externaltools.arm-none.win32_1.16.0.201807130628/tools/compiler/bin/../lib/gcc/arm-none-eabi/7.2.1/thumb/v7e-m/fpv4-sp/hard/crtn.o

Memory Configuration

Name             Origin             Length             Attributes
RAM              0x20000000         0x00018000         xrw
ROM              0x08000000         0x00100000         xr
*default*        0x00000000         0xffffffff

Linker script and memory map

LOAD c:/ac6/systemworkbench/plugins/fr.ac6.mcu.externaltools.arm-none.win32_1.16.0.201807130628/tools/compiler/bin/../lib/gcc/arm-none-eabi/7.2.1/thumb/v7e-m/fpv4-sp/hard/crti.o
LOAD c:/ac6/systemworkbench/plugins/fr.ac6.mcu.externaltools.arm-none.win32_1.16.0.201807130628/tools/compiler/bin/../lib/gcc/arm-none-eabi/7.2.1/thumb/v7e-m/fpv4-sp/hard/crtbegin.o
LOAD c:/ac6/systemworkbench/plugins/fr.ac6.mcu.externaltools.arm-none.win32_1.16.0.201807130628/tools/compiler/bin/../lib/gcc/arm-none-eabi/7.2.1/../../../../arm-none-eabi/lib/thumb/v7e-m/fpv4-sp/hard/crt0.o
LOAD src/7_seg.o
LOAD src/button.o
LOAD src/ds18b20.o
LOAD src/gpio.o
LOAD src/led.o
LOAD src/main.o
LOAD src/onewire.o
LOAD startup/startup_stm32.o
LOAD startup/sysmem.o
LOAD c:/ac6/systemworkbench/plugins/fr.ac6.mcu.externaltools.arm-none.win32_1.16.0.201807130628/tools/compiler/bin/../lib/gcc/arm-none-eabi/7.2.1/../../../../arm-none-eabi/lib/thumb/v7e-m/fpv4-sp/hard\libstdc++.a
LOAD c:/ac6/systemworkbench/plugins/fr.ac6.mcu.externaltools.arm-none.win32_1.16.0.201807130628/tools/compiler/bin/../lib/gcc/arm-none-eabi/7.2.1/../../../../arm-none-eabi/lib/thumb/v7e-m/fpv4-sp/hard\libm.a
START GROUP
LOAD c:/ac6/systemworkbench/plugins/fr.ac6.mcu.externaltools.arm-none.win32_1.16.0.201807130628/tools/compiler/bin/../lib/gcc/arm-none-eabi/7.2.1/thumb/v7e-m/fpv4-sp/hard\libgcc.a
LOAD c:/ac6/systemworkbench/plugins/fr.ac6.mcu.externaltools.arm-none.win32_1.16.0.201807130628/tools/compiler/bin/../lib/gcc/arm-none-eabi/7.2.1/../../../../arm-none-eabi/lib/thumb/v7e-m/fpv4-sp/hard\libc.a
END GROUP
LOAD c:/ac6/systemworkbench/plugins/fr.ac6.mcu.externaltools.arm-none.win32_1.16.0.201807130628/tools/compiler/bin/../lib/gcc/arm-none-eabi/7.2.1/thumb/v7e-m/fpv4-sp/hard/crtend.o
LOAD c:/ac6/systemworkbench/plugins/fr.ac6.mcu.externaltools.arm-none.win32_1.16.0.201807130628/tools/compiler/bin/../lib/gcc/arm-none-eabi/7.2.1/thumb/v7e-m/fpv4-sp/hard/crtn.o
                0x20018000                _estack = 0x20018000
                0x00000000                _Min_Heap_Size = 0x0
                0x00000400                _Min_Stack_Size = 0x400

.isr_vector     0x08000000      0x1b0
                0x08000000                . = ALIGN (0x8)
 *(.isr_vector)
 .isr_vector    0x08000000      0x1ac startup/startup_stm32.o
                0x08000000                g_pfnVectors
                0x080001b0                . = ALIGN (0x8)
 *fill*         0x080001ac        0x4 

.text           0x080001b0      0x710
                0x080001b0                . = ALIGN (0x8)
 *(.text)
 .text          0x080001b0       0x40 c:/ac6/systemworkbench/plugins/fr.ac6.mcu.externaltools.arm-none.win32_1.16.0.201807130628/tools/compiler/bin/../lib/gcc/arm-none-eabi/7.2.1/thumb/v7e-m/fpv4-sp/hard/crtbegin.o
 *(.text*)
 .text.NVIC_EnableIRQ
                0x080001f0       0x34 src/main.o
 .text.NVIC_SetPriority
                0x08000224       0x54 src/main.o
 .text.GPIO_init_AF
                0x08000278       0x48 src/main.o
                0x08000278                GPIO_init_AF
 .text.Keypad_init
                0x080002c0      0x10c src/main.o
                0x080002c0                Keypad_init
 .text.keypad_scan
                0x080003cc       0xdc src/main.o
                0x080003cc                keypad_scan
 .text.Timer_init
                0x080004a8       0x38 src/main.o
                0x080004a8                Timer_init
 .text.PWM_channel_init
                0x080004e0       0x44 src/main.o
                0x080004e0                PWM_channel_init
 .text.SystemClock_Config
                0x08000524       0x38 src/main.o
                0x08000524                SystemClock_Config
 .text.EXTI_config
                0x0800055c       0x50 src/main.o
                0x0800055c                EXTI_config
 .text.NVIC_config
                0x080005ac       0x20 src/main.o
                0x080005ac                NVIC_config
 .text.SysTick_Handler
                0x080005cc       0x60 src/main.o
                0x080005cc                SysTick_Handler
 .text.EXTI15_10_IRQHandler
                0x0800062c       0x44 src/main.o
                0x0800062c                EXTI15_10_IRQHandler
 .text.main     0x08000670       0x80 src/main.o
                0x08000670                main
 .text.Reset_Handler
                0x080006f0       0x50 startup/startup_stm32.o
                0x080006f0                Reset_Handler
 .text.Default_Handler
                0x08000740        0x2 startup/startup_stm32.o
                0x08000740                EXTI2_IRQHandler
                0x08000740                TIM8_TRG_COM_IRQHandler
                0x08000740                TIM8_CC_IRQHandler
                0x08000740                DebugMon_Handler
                0x08000740                DMA1_CH4_IRQHandler
                0x08000740                TIM1_CC_IRQHandler
                0x08000740                TSC_IRQHandler
                0x08000740                HardFault_Handler
                0x08000740                TAMP_STAMP_IRQHandler
                0x08000740                PendSV_Handler
                0x08000740                NMI_Handler
                0x08000740                CAN2_RX1_IRQHandler
                0x08000740                EXTI3_IRQHandler
                0x08000740                LPTIM2_IRQHandler
                0x08000740                DFSDM1_FLT1_IRQHandler
                0x08000740                I2C3_ER_IRQHandler
                0x08000740                DFSDM1_FLT2_IRQHandler
                0x08000740                TIM6_DACUNDER_IRQHandler
                0x08000740                EXTI0_IRQHandler
                0x08000740                I2C2_EV_IRQHandler
                0x08000740                DMA2_CH1_IRQHandler
                0x08000740                CAN1_RX0_IRQHandler
                0x08000740                FPU_IRQHandler
                0x08000740                TIM1_UP_TIM16_IRQHandler
                0x08000740                DMA2_CH7_IRQHandler
                0x08000740                UsageFault_Handler
                0x08000740                CAN2_SCE_IRQHandler
                0x08000740                ADC1_2_IRQHandler
                0x08000740                SPI1_IRQHandler
                0x08000740                DMA1_CH7_IRQHandler
                0x08000740                DCMI_IRQHandler
                0x08000740                CAN2_RX0_IRQHandler
                0x08000740                TIM8_UP_IRQHandler
                0x08000740                RTC_ALARM_IRQHandler
                0x08000740                SAI2_IRQHandler
                0x08000740                DFSDM1_FLT3_IRQHandler
                0x08000740                DMA1_CH6_IRQHandler
                0x08000740                USART3_IRQHandler
                0x08000740                CAN1_RX1_IRQHandler
                0x08000740                LCD_IRQHandler
                0x08000740                UART5_IRQHandler
                0x08000740                ADC3_IRQHandler
                0x08000740                TIM4_IRQHandler
                0x08000740                QUADSPI_IRQHandler
                0x08000740                I2C1_EV_IRQHandler
                0x08000740                DMA2_CH5_IRQHandler
                0x08000740                UART4_IRQHandler
                0x08000740                DMA1_CH3_IRQHandler
                0x08000740                TIM3_IRQHandler
                0x08000740                RCC_IRQHandler
                0x08000740                Default_Handler
                0x08000740                TIM7_IRQHandler
                0x08000740                SDMMC1_IRQHandler
                0x08000740                CAN2_TX_IRQHandler
                0x08000740                TIM5_IRQHandler
                0x08000740                I2C3_EV_IRQHandler
                0x08000740                EXTI9_5_IRQHandler
                0x08000740                DMA1_CH2_IRQHandler
                0x08000740                RTC_WKUP_IRQHandler
                0x08000740                RNG_HASH_IRQHandler
                0x08000740                PVD_PVM_IRQHandler
                0x08000740                SPI2_IRQHandler
                0x08000740                DMA1_CH1_IRQHandler
                0x08000740                MemManage_Handler
                0x08000740                CAN1_TX_IRQHandler
                0x08000740                SVC_Handler
                0x08000740                CRS_IRQHandler
                0x08000740                EXTI4_IRQHandler
                0x08000740                TIM1_TRG_COM_TIM17_IRQHandler
                0x08000740                COMP_IRQHandler
                0x08000740                WWDG_IRQHandler
                0x08000740                I2C4_EV_IRQHandler
                0x08000740                LPUART1_IRQHandler
                0x08000740                TIM2_IRQHandler
                0x08000740                DMA2D_IRQHandler
                0x08000740                EXTI1_IRQHandler
                0x08000740                AES_IRQHandler
                0x08000740                USART2_IRQHandler
                0x08000740                DFSDM1_FLT0_IRQHandler
                0x08000740                I2C2_ER_IRQHandler
                0x08000740                TIM8_BRK_IRQHandler
                0x08000740                CAN1_SCE_IRQHandler
                0x08000740                FLASH_IRQHandler
                0x08000740                BusFault_Handler
                0x08000740                USART1_IRQHandler
                0x08000740                OTG_FS_IRQHandler
                0x08000740                SPI3_IRQHandler
                0x08000740                DMA2_CH6_IRQHandler
                0x08000740                DMA2_CH3_IRQHandler
                0x08000740                DMA2_CH2_IRQHandler
                0x08000740                I2C1_ER_IRQHandler
                0x08000740                FMC_IRQHandler
                0x08000740                DMA1_CH5_IRQHandler
                0x08000740                DMA2_CH4_IRQHandler
                0x08000740                SWPMI1_IRQHandler
                0x08000740                LPTIM1_IRQHandler
                0x08000740                I2C4_ER_IRQHandler
                0x08000740                SAI1_IRQHandler
                0x08000740                TIM1_BRK_TIM15_IRQHandler
 *fill*         0x08000742        0x2 
 .text.__libc_init_array
                0x08000744       0x48 c:/ac6/systemworkbench/plugins/fr.ac6.mcu.externaltools.arm-none.win32_1.16.0.201807130628/tools/compiler/bin/../lib/gcc/arm-none-eabi/7.2.1/../../../../arm-none-eabi/lib/thumb/v7e-m/fpv4-sp/hard\libc.a(lib_a-init.o)
                0x08000744                __libc_init_array
 .text.startup.register_fini
                0x0800078c       0x14 c:/ac6/systemworkbench/plugins/fr.ac6.mcu.externaltools.arm-none.win32_1.16.0.201807130628/tools/compiler/bin/../lib/gcc/arm-none-eabi/7.2.1/../../../../arm-none-eabi/lib/thumb/v7e-m/fpv4-sp/hard\libc.a(lib_a-__call_atexit.o)
 .text.atexit   0x080007a0        0xc c:/ac6/systemworkbench/plugins/fr.ac6.mcu.externaltools.arm-none.win32_1.16.0.201807130628/tools/compiler/bin/../lib/gcc/arm-none-eabi/7.2.1/../../../../arm-none-eabi/lib/thumb/v7e-m/fpv4-sp/hard\libc.a(lib_a-atexit.o)
                0x080007a0                atexit
 .text.__libc_fini_array
                0x080007ac       0x34 c:/ac6/systemworkbench/plugins/fr.ac6.mcu.externaltools.arm-none.win32_1.16.0.201807130628/tools/compiler/bin/../lib/gcc/arm-none-eabi/7.2.1/../../../../arm-none-eabi/lib/thumb/v7e-m/fpv4-sp/hard\libc.a(lib_a-fini.o)
                0x080007ac                __libc_fini_array
 .text.__retarget_lock_acquire_recursive
                0x080007e0        0x4 c:/ac6/systemworkbench/plugins/fr.ac6.mcu.externaltools.arm-none.win32_1.16.0.201807130628/tools/compiler/bin/../lib/gcc/arm-none-eabi/7.2.1/../../../../arm-none-eabi/lib/thumb/v7e-m/fpv4-sp/hard\libc.a(lib_a-lock.o)
                0x080007e0                __retarget_lock_acquire_recursive
 .text.__retarget_lock_release_recursive
                0x080007e4        0x4 c:/ac6/systemworkbench/plugins/fr.ac6.mcu.externaltools.arm-none.win32_1.16.0.201807130628/tools/compiler/bin/../lib/gcc/arm-none-eabi/7.2.1/../../../../arm-none-eabi/lib/thumb/v7e-m/fpv4-sp/hard\libc.a(lib_a-lock.o)
                0x080007e4                __retarget_lock_release_recursive
 .text.__register_exitproc
                0x080007e8       0xc0 c:/ac6/systemworkbench/plugins/fr.ac6.mcu.externaltools.arm-none.win32_1.16.0.201807130628/tools/compiler/bin/../lib/gcc/arm-none-eabi/7.2.1/../../../../arm-none-eabi/lib/thumb/v7e-m/fpv4-sp/hard\libc.a(lib_a-__atexit.o)
                0x080007e8                __register_exitproc
 *(.glue_7)
 .glue_7        0x080008a8        0x0 linker stubs
 *(.glue_7t)
 .glue_7t       0x080008a8        0x0 linker stubs
 *(.eh_frame)
 .eh_frame      0x080008a8        0x0 c:/ac6/systemworkbench/plugins/fr.ac6.mcu.externaltools.arm-none.win32_1.16.0.201807130628/tools/compiler/bin/../lib/gcc/arm-none-eabi/7.2.1/thumb/v7e-m/fpv4-sp/hard/crtbegin.o
 *(.init)
 .init          0x080008a8        0x4 c:/ac6/systemworkbench/plugins/fr.ac6.mcu.externaltools.arm-none.win32_1.16.0.201807130628/tools/compiler/bin/../lib/gcc/arm-none-eabi/7.2.1/thumb/v7e-m/fpv4-sp/hard/crti.o
                0x080008a8                _init
 .init          0x080008ac        0x8 c:/ac6/systemworkbench/plugins/fr.ac6.mcu.externaltools.arm-none.win32_1.16.0.201807130628/tools/compiler/bin/../lib/gcc/arm-none-eabi/7.2.1/thumb/v7e-m/fpv4-sp/hard/crtn.o
 *(.fini)
 .fini          0x080008b4        0x4 c:/ac6/systemworkbench/plugins/fr.ac6.mcu.externaltools.arm-none.win32_1.16.0.201807130628/tools/compiler/bin/../lib/gcc/arm-none-eabi/7.2.1/thumb/v7e-m/fpv4-sp/hard/crti.o
                0x080008b4                _fini
 .fini          0x080008b8        0x8 c:/ac6/systemworkbench/plugins/fr.ac6.mcu.externaltools.arm-none.win32_1.16.0.201807130628/tools/compiler/bin/../lib/gcc/arm-none-eabi/7.2.1/thumb/v7e-m/fpv4-sp/hard/crtn.o
                0x080008c0                . = ALIGN (0x8)
                0x080008c0                _etext = .

.vfp11_veneer   0x080008c0        0x0
 .vfp11_veneer  0x080008c0        0x0 linker stubs

.v4_bx          0x080008c0        0x0
 .v4_bx         0x080008c0        0x0 linker stubs

.iplt           0x080008c0        0x0
 .iplt          0x080008c0        0x0 c:/ac6/systemworkbench/plugins/fr.ac6.mcu.externaltools.arm-none.win32_1.16.0.201807130628/tools/compiler/bin/../lib/gcc/arm-none-eabi/7.2.1/thumb/v7e-m/fpv4-sp/hard/crtbegin.o

.rodata         0x080008c0        0x8
                0x080008c0                . = ALIGN (0x8)
 *(.rodata)
 *(.rodata*)
 .rodata._global_impure_ptr
                0x080008c0        0x4 c:/ac6/systemworkbench/plugins/fr.ac6.mcu.externaltools.arm-none.win32_1.16.0.201807130628/tools/compiler/bin/../lib/gcc/arm-none-eabi/7.2.1/../../../../arm-none-eabi/lib/thumb/v7e-m/fpv4-sp/hard\libc.a(lib_a-impure.o)
                0x080008c0                _global_impure_ptr
                0x080008c8                . = ALIGN (0x8)
 *fill*         0x080008c4        0x4 

.rel.dyn        0x080008c8        0x0
 .rel.iplt      0x080008c8        0x0 c:/ac6/systemworkbench/plugins/fr.ac6.mcu.externaltools.arm-none.win32_1.16.0.201807130628/tools/compiler/bin/../lib/gcc/arm-none-eabi/7.2.1/thumb/v7e-m/fpv4-sp/hard/crtbegin.o

.ARM.extab      0x080008c8        0x0
                0x080008c8                . = ALIGN (0x8)
 *(.ARM.extab* .gnu.linkonce.armextab.*)
                0x080008c8                . = ALIGN (0x8)

.ARM            0x080008c8        0x0
                0x080008c8                . = ALIGN (0x8)
                0x080008c8                __exidx_start = .
 *(.ARM.exidx*)
                0x080008c8                __exidx_end = .
                0x080008c8                . = ALIGN (0x8)

.preinit_array  0x080008c8        0x0
                0x080008c8                . = ALIGN (0x8)
                0x080008c8                PROVIDE (__preinit_array_start, .)
 *(.preinit_array*)
                0x080008c8                PROVIDE (__preinit_array_end, .)
                0x080008c8                . = ALIGN (0x8)

.init_array     0x080008c8        0x8
                0x080008c8                . = ALIGN (0x8)
                0x080008c8                PROVIDE (__init_array_start, .)
 *(SORT_BY_NAME(.init_array.*))
 .init_array.00000
                0x080008c8        0x4 c:/ac6/systemworkbench/plugins/fr.ac6.mcu.externaltools.arm-none.win32_1.16.0.201807130628/tools/compiler/bin/../lib/gcc/arm-none-eabi/7.2.1/../../../../arm-none-eabi/lib/thumb/v7e-m/fpv4-sp/hard\libc.a(lib_a-__call_atexit.o)
 *(.init_array*)
 .init_array    0x080008cc        0x4 c:/ac6/systemworkbench/plugins/fr.ac6.mcu.externaltools.arm-none.win32_1.16.0.201807130628/tools/compiler/bin/../lib/gcc/arm-none-eabi/7.2.1/thumb/v7e-m/fpv4-sp/hard/crtbegin.o
                0x080008d0                PROVIDE (__init_array_end, .)
                0x080008d0                . = ALIGN (0x8)

.fini_array     0x080008d0        0x8
                0x080008d0                . = ALIGN (0x8)
                0x080008d0                PROVIDE (__fini_array_start, .)
 *(SORT_BY_NAME(.fini_array.*))
 *(.fini_array*)
 .fini_array    0x080008d0        0x4 c:/ac6/systemworkbench/plugins/fr.ac6.mcu.externaltools.arm-none.win32_1.16.0.201807130628/tools/compiler/bin/../lib/gcc/arm-none-eabi/7.2.1/thumb/v7e-m/fpv4-sp/hard/crtbegin.o
                0x080008d4                PROVIDE (__fini_array_end, .)
                0x080008d8                . = ALIGN (0x8)
 *fill*         0x080008d4        0x4 
                0x080008d8                _sidata = LOADADDR (.data)

.data           0x20000000      0x478 load address 0x080008d8
                0x20000000                . = ALIGN (0x8)
                0x20000000                _sdata = .
 *(.data)
 .data          0x20000000       0x44 src/main.o
                0x20000000                timer
                0x20000004                table
 *(.data*)
 *fill*         0x20000044        0x4 
 .data.impure_data
                0x20000048      0x428 c:/ac6/systemworkbench/plugins/fr.ac6.mcu.externaltools.arm-none.win32_1.16.0.201807130628/tools/compiler/bin/../lib/gcc/arm-none-eabi/7.2.1/../../../../arm-none-eabi/lib/thumb/v7e-m/fpv4-sp/hard\libc.a(lib_a-impure.o)
 .data.__atexit_recursive_mutex
                0x20000470        0x4 c:/ac6/systemworkbench/plugins/fr.ac6.mcu.externaltools.arm-none.win32_1.16.0.201807130628/tools/compiler/bin/../lib/gcc/arm-none-eabi/7.2.1/../../../../arm-none-eabi/lib/thumb/v7e-m/fpv4-sp/hard\libc.a(lib_a-__call_atexit.o)
                0x20000470                __atexit_recursive_mutex
                0x20000478                . = ALIGN (0x8)
 *fill*         0x20000474        0x4 
                0x20000478                _edata = .

.igot.plt       0x20000478        0x0 load address 0x08000d50
 .igot.plt      0x20000478        0x0 c:/ac6/systemworkbench/plugins/fr.ac6.mcu.externaltools.arm-none.win32_1.16.0.201807130628/tools/compiler/bin/../lib/gcc/arm-none-eabi/7.2.1/thumb/v7e-m/fpv4-sp/hard/crtbegin.o
                0x20000478                . = ALIGN (0x8)

.bss            0x20000478       0x48 load address 0x08000d50
                0x20000478                _sbss = .
                0x20000478                __bss_start__ = _sbss
 *(.bss)
 .bss           0x20000478       0x1c c:/ac6/systemworkbench/plugins/fr.ac6.mcu.externaltools.arm-none.win32_1.16.0.201807130628/tools/compiler/bin/../lib/gcc/arm-none-eabi/7.2.1/thumb/v7e-m/fpv4-sp/hard/crtbegin.o
 *(.bss*)
 *(COMMON)
 COMMON         0x20000494        0x8 src/main.o
                0x20000494                counter
                0x20000498                value
 COMMON         0x2000049c       0x21 c:/ac6/systemworkbench/plugins/fr.ac6.mcu.externaltools.arm-none.win32_1.16.0.201807130628/tools/compiler/bin/../lib/gcc/arm-none-eabi/7.2.1/../../../../arm-none-eabi/lib/thumb/v7e-m/fpv4-sp/hard\libc.a(lib_a-lock.o)
                0x2000049c                __lock___atexit_recursive_mutex
                0x200004a0                __lock___arc4random_mutex
                0x200004a4                __lock___env_recursive_mutex
                0x200004a8                __lock___sinit_recursive_mutex
                0x200004ac                __lock___malloc_recursive_mutex
                0x200004b0                __lock___at_quick_exit_mutex
                0x200004b4                __lock___dd_hash_mutex
                0x200004b8                __lock___tz_mutex
                0x200004bc                __lock___sfp_recursive_mutex
                0x200004c0                . = ALIGN (0x8)
 *fill*         0x200004bd        0x3 
                0x200004c0                _ebss = .
                0x200004c0                __bss_end__ = _ebss

._user_heap_stack
                0x200004c0      0x400 load address 0x08000d50
                0x200004c0                . = ALIGN (0x8)
                0x200004c0                PROVIDE (end, .)
                [!provide]                PROVIDE (_end, .)
                0x200004c0                . = (. + _Min_Heap_Size)
                0x200008c0                . = (. + _Min_Stack_Size)
 *fill*         0x200004c0      0x400 
                0x200008c0                . = ALIGN (0x8)

/DISCARD/
 libc.a(*)
 libm.a(*)
 libgcc.a(*)

.ARM.attributes
                0x00000000       0x30
 *(.ARM.attributes)
 .ARM.attributes
                0x00000000       0x22 c:/ac6/systemworkbench/plugins/fr.ac6.mcu.externaltools.arm-none.win32_1.16.0.201807130628/tools/compiler/bin/../lib/gcc/arm-none-eabi/7.2.1/thumb/v7e-m/fpv4-sp/hard/crti.o
 .ARM.attributes
                0x00000022       0x34 c:/ac6/systemworkbench/plugins/fr.ac6.mcu.externaltools.arm-none.win32_1.16.0.201807130628/tools/compiler/bin/../lib/gcc/arm-none-eabi/7.2.1/thumb/v7e-m/fpv4-sp/hard/crtbegin.o
 .ARM.attributes
                0x00000056       0x39 src/main.o
 .ARM.attributes
                0x0000008f       0x21 startup/startup_stm32.o
 .ARM.attributes
                0x000000b0       0x34 c:/ac6/systemworkbench/plugins/fr.ac6.mcu.externaltools.arm-none.win32_1.16.0.201807130628/tools/compiler/bin/../lib/gcc/arm-none-eabi/7.2.1/../../../../arm-none-eabi/lib/thumb/v7e-m/fpv4-sp/hard\libc.a(lib_a-impure.o)
 .ARM.attributes
                0x000000e4       0x34 c:/ac6/systemworkbench/plugins/fr.ac6.mcu.externaltools.arm-none.win32_1.16.0.201807130628/tools/compiler/bin/../lib/gcc/arm-none-eabi/7.2.1/../../../../arm-none-eabi/lib/thumb/v7e-m/fpv4-sp/hard\libc.a(lib_a-init.o)
 .ARM.attributes
                0x00000118       0x34 c:/ac6/systemworkbench/plugins/fr.ac6.mcu.externaltools.arm-none.win32_1.16.0.201807130628/tools/compiler/bin/../lib/gcc/arm-none-eabi/7.2.1/../../../../arm-none-eabi/lib/thumb/v7e-m/fpv4-sp/hard\libc.a(lib_a-__call_atexit.o)
 .ARM.attributes
                0x0000014c       0x34 c:/ac6/systemworkbench/plugins/fr.ac6.mcu.externaltools.arm-none.win32_1.16.0.201807130628/tools/compiler/bin/../lib/gcc/arm-none-eabi/7.2.1/../../../../arm-none-eabi/lib/thumb/v7e-m/fpv4-sp/hard\libc.a(lib_a-atexit.o)
 .ARM.attributes
                0x00000180       0x34 c:/ac6/systemworkbench/plugins/fr.ac6.mcu.externaltools.arm-none.win32_1.16.0.201807130628/tools/compiler/bin/../lib/gcc/arm-none-eabi/7.2.1/../../../../arm-none-eabi/lib/thumb/v7e-m/fpv4-sp/hard\libc.a(lib_a-fini.o)
 .ARM.attributes
                0x000001b4       0x34 c:/ac6/systemworkbench/plugins/fr.ac6.mcu.externaltools.arm-none.win32_1.16.0.201807130628/tools/compiler/bin/../lib/gcc/arm-none-eabi/7.2.1/../../../../arm-none-eabi/lib/thumb/v7e-m/fpv4-sp/hard\libc.a(lib_a-lock.o)
 .ARM.attributes
                0x000001e8       0x34 c:/ac6/systemworkbench/plugins/fr.ac6.mcu.externaltools.arm-none.win32_1.16.0.201807130628/tools/compiler/bin/../lib/gcc/arm-none-eabi/7.2.1/../../../../arm-none-eabi/lib/thumb/v7e-m/fpv4-sp/hard\libc.a(lib_a-__atexit.o)
 .ARM.attributes
                0x0000021c       0x22 c:/ac6/systemworkbench/plugins/fr.ac6.mcu.externaltools.arm-none.win32_1.16.0.201807130628/tools/compiler/bin/../lib/gcc/arm-none-eabi/7.2.1/thumb/v7e-m/fpv4-sp/hard/crtn.o
OUTPUT(lab8_3.elf elf32-littlearm)

.debug_info     0x00000000      0xe12
 .debug_info    0x00000000      0xdf0 src/main.o
 .debug_info    0x00000df0       0x22 startup/startup_stm32.o

.debug_abbrev   0x00000000      0x23a
 .debug_abbrev  0x00000000      0x228 src/main.o
 .debug_abbrev  0x00000228       0x12 startup/startup_stm32.o

.debug_aranges  0x00000000       0xa8
 .debug_aranges
                0x00000000       0x80 src/main.o
 .debug_aranges
                0x00000080       0x28 startup/startup_stm32.o

.debug_ranges   0x00000000       0x90
 .debug_ranges  0x00000000       0x70 src/main.o
 .debug_ranges  0x00000070       0x20 startup/startup_stm32.o

.debug_macro    0x00000000       0xd3
 .debug_macro   0x00000000       0xd3 src/main.o

.debug_line     0x00000000      0x52a
 .debug_line    0x00000000      0x4ae src/main.o
 .debug_line    0x000004ae       0x7c startup/startup_stm32.o

.debug_str      0x00000000    0x4dfa3
 .debug_str     0x00000000    0x4df79 src/main.o
                              0x4e132 (size before relaxing)
 .debug_str     0x0004df79       0x2a startup/startup_stm32.o
                                 0x3a (size before relaxing)

.comment        0x00000000       0x7e
 .comment       0x00000000       0x7e src/main.o
                                 0x7f (size before relaxing)

.debug_frame    0x00000000      0x390
 .debug_frame   0x00000000      0x1d0 src/main.o
 .debug_frame   0x000001d0       0x2c c:/ac6/systemworkbench/plugins/fr.ac6.mcu.externaltools.arm-none.win32_1.16.0.201807130628/tools/compiler/bin/../lib/gcc/arm-none-eabi/7.2.1/../../../../arm-none-eabi/lib/thumb/v7e-m/fpv4-sp/hard\libc.a(lib_a-init.o)
 .debug_frame   0x000001fc       0x5c c:/ac6/systemworkbench/plugins/fr.ac6.mcu.externaltools.arm-none.win32_1.16.0.201807130628/tools/compiler/bin/../lib/gcc/arm-none-eabi/7.2.1/../../../../arm-none-eabi/lib/thumb/v7e-m/fpv4-sp/hard\libc.a(lib_a-__call_atexit.o)
 .debug_frame   0x00000258       0x20 c:/ac6/systemworkbench/plugins/fr.ac6.mcu.externaltools.arm-none.win32_1.16.0.201807130628/tools/compiler/bin/../lib/gcc/arm-none-eabi/7.2.1/../../../../arm-none-eabi/lib/thumb/v7e-m/fpv4-sp/hard\libc.a(lib_a-atexit.o)
 .debug_frame   0x00000278       0x34 c:/ac6/systemworkbench/plugins/fr.ac6.mcu.externaltools.arm-none.win32_1.16.0.201807130628/tools/compiler/bin/../lib/gcc/arm-none-eabi/7.2.1/../../../../arm-none-eabi/lib/thumb/v7e-m/fpv4-sp/hard\libc.a(lib_a-fini.o)
 .debug_frame   0x000002ac       0xb0 c:/ac6/systemworkbench/plugins/fr.ac6.mcu.externaltools.arm-none.win32_1.16.0.201807130628/tools/compiler/bin/../lib/gcc/arm-none-eabi/7.2.1/../../../../arm-none-eabi/lib/thumb/v7e-m/fpv4-sp/hard\libc.a(lib_a-lock.o)
 .debug_frame   0x0000035c       0x34 c:/ac6/systemworkbench/plugins/fr.ac6.mcu.externaltools.arm-none.win32_1.16.0.201807130628/tools/compiler/bin/../lib/gcc/arm-none-eabi/7.2.1/../../../../arm-none-eabi/lib/thumb/v7e-m/fpv4-sp/hard\libc.a(lib_a-__atexit.o)
